src/test/cli/db.test.ts(68,54): error TS2554: Expected 1-2 arguments, but got 3.
src/test/database/infrastructure/Migration.test.ts(8,31): error TS2307: Cannot find module '@database/infrastructure/schema/SchemaManager' or its corresponding type declarations.
src/test/database/infrastructure/Migration.test.ts(33,16): error TS2339: Property 'db' does not exist on type 'TauriDbConnection'.
src/test/database/infrastructure/Migration.test.ts(34,16): error TS2339: Property 'db' does not exist on type 'TauriDbConnection'.
src/test/database/infrastructure/Migration.test.ts(35,16): error TS2339: Property 'db' does not exist on type 'TauriDbConnection'.
src/test/database/infrastructure/Migration.test.ts(36,16): error TS2339: Property 'db' does not exist on type 'TauriDbConnection'.
src/test/database/infrastructure/Migration.test.ts(38,16): error TS2339: Property 'db' does not exist on type 'TauriDbConnection'.
src/test/database/infrastructure/Migration.test.ts(49,23): error TS2339: Property 'db' does not exist on type 'TauriDbConnection'.
src/test/database/infrastructure/Migration.test.ts(53,24): error TS2339: Property 'db' does not exist on type 'TauriDbConnection'.
src/test/database/infrastructure/Migration.test.ts(54,41): error TS7006: Parameter 'r' implicitly has an 'any' type.
src/test/database/infrastructure/Migration.test.ts(63,24): error TS2339: Property 'db' does not exist on type 'TauriDbConnection'.
src/test/database/infrastructure/Migration.test.ts(69,28): error TS2339: Property 'db' does not exist on type 'TauriDbConnection'.
src/test/database/infrastructure/Migration.test.ts(82,16): error TS2339: Property 'db' does not exist on type 'TauriDbConnection'.
src/test/database/infrastructure/Migration.test.ts(83,16): error TS2339: Property 'db' does not exist on type 'TauriDbConnection'.
src/test/database/infrastructure/Migration.test.ts(84,16): error TS2339: Property 'db' does not exist on type 'TauriDbConnection'.
src/test/database/infrastructure/Migration.test.ts(85,16): error TS2339: Property 'db' does not exist on type 'TauriDbConnection'.
src/test/database/infrastructure/Migration.test.ts(96,11): error TS2339: Property 'db' does not exist on type 'TauriDbConnection'.
src/test/database/infrastructure/Migration.test.ts(97,23): error TS2339: Property 'db' does not exist on type 'TauriDbConnection'.
src/test/database/infrastructure/Migration.test.ts(110,16): error TS2339: Property 'db' does not exist on type 'TauriDbConnection'.
src/test/database/infrastructure/Migration.test.ts(111,16): error TS2339: Property 'db' does not exist on type 'TauriDbConnection'.
src/test/database/infrastructure/Migration.test.ts(112,16): error TS2339: Property 'db' does not exist on type 'TauriDbConnection'.
src/test/database/infrastructure/Migration.test.ts(113,16): error TS2339: Property 'db' does not exist on type 'TauriDbConnection'.
src/test/database/infrastructure/Migration.test.ts(123,22): error TS2339: Property 'db' does not exist on type 'TauriDbConnection'.
src/test/database/infrastructure/Migration.test.ts(124,43): error TS7006: Parameter 'r' implicitly has an 'any' type.
src/test/database/infrastructure/SchemaManager.test.ts(8,31): error TS2307: Cannot find module '@database/infrastructure/schema/SchemaManager' or its corresponding type declarations.
src/test/database/infrastructure/SchemaManager.test.ts(36,31): error TS2339: Property 'db' does not exist on type 'TauriDbConnection'.
src/test/database/infrastructure/SchemaManager.test.ts(39,40): error TS7006: Parameter 'r' implicitly has an 'any' type.
src/test/database/infrastructure/SchemaManager.test.ts(48,32): error TS2339: Property 'db' does not exist on type 'TauriDbConnection'.
src/test/database/infrastructure/SchemaManager.test.ts(51,41): error TS7006: Parameter 'r' implicitly has an 'any' type.
src/test/database/infrastructure/SchemaManager.test.ts(59,31): error TS2339: Property 'db' does not exist on type 'TauriDbConnection'.
src/test/database/infrastructure/SchemaManager.test.ts(66,29): error TS2339: Property 'db' does not exist on type 'TauriDbConnection'.
src/test/database/infrastructure/SchemaManager.test.ts(67,41): error TS7006: Parameter 'r' implicitly has an 'any' type.
src/test/database/infrastructure/SchemaManager.test.ts(76,34): error TS2339: Property 'db' does not exist on type 'TauriDbConnection'.
src/test/database/infrastructure/SchemaManager.test.ts(77,51): error TS7006: Parameter 'r' implicitly has an 'any' type.
src/test/database/infrastructure/SchemaManager.test.ts(84,16): error TS2339: Property 'db' does not exist on type 'TauriDbConnection'.
src/test/database/infrastructure/SchemaManager.test.ts(99,16): error TS2339: Property 'db' does not exist on type 'TauriDbConnection'.
src/test/database/infrastructure/SchemaManager.test.ts(100,16): error TS2339: Property 'db' does not exist on type 'TauriDbConnection'.
src/test/database/infrastructure/SchemaManager.test.ts(110,26): error TS2339: Property 'db' does not exist on type 'TauriDbConnection'.
src/test/database/infrastructure/SchemaManager.test.ts(123,27): error TS2339: Property 'db' does not exist on type 'TauriDbConnection'.
src/test/database/infrastructure/SchemaManager.test.ts(130,16): error TS2339: Property 'db' does not exist on type 'TauriDbConnection'.
src/test/database/infrastructure/SchemaManager.test.ts(136,31): error TS2339: Property 'db' does not exist on type 'TauriDbConnection'.
src/test/database/infrastructure/SchemaManager.test.ts(137,40): error TS7006: Parameter 'r' implicitly has an 'any' type.
src/test/database/infrastructure/SchemaManager.test.ts(146,31): error TS2339: Property 'db' does not exist on type 'TauriDbConnection'.
src/test/database/infrastructure/SchemaManager.test.ts(150,29): error TS2339: Property 'db' does not exist on type 'TauriDbConnection'.
src/test/database/infrastructure/SchemaManager.test.ts(151,41): error TS7006: Parameter 'r' implicitly has an 'any' type.
src/test/database/integration/CrashRecovery.test.ts(8,31): error TS2307: Cannot find module '@database/infrastructure/schema/SchemaManager' or its corresponding type declarations.
src/test/database/integration/CrashRecovery.test.ts(14,60): error TS2554: Expected 1-2 arguments, but got 3.
src/test/database/integration/CrashRecovery.test.ts(31,16): error TS2339: Property 'db' does not exist on type 'TauriDbConnection'.
src/test/database/integration/CrashRecovery.test.ts(32,16): error TS2339: Property 'db' does not exist on type 'TauriDbConnection'.
src/test/database/integration/CrashRecovery.test.ts(33,16): error TS2339: Property 'db' does not exist on type 'TauriDbConnection'.
src/test/database/integration/CrashRecovery.test.ts(43,26): error TS2339: Property 'db' does not exist on type 'TauriDbConnection'.
src/test/database/integration/CrashRecovery.test.ts(61,16): error TS2339: Property 'db' does not exist on type 'TauriDbConnection'.
src/test/database/integration/CrashRecovery.test.ts(70,26): error TS2339: Property 'db' does not exist on type 'TauriDbConnection'.
src/test/database/integration/CrashRecovery.test.ts(79,16): error TS2339: Property 'db' does not exist on type 'TauriDbConnection'.
src/test/database/integration/CrashRecovery.test.ts(80,16): error TS2339: Property 'db' does not exist on type 'TauriDbConnection'.
src/test/database/integration/CrashRecovery.test.ts(81,16): error TS2339: Property 'db' does not exist on type 'TauriDbConnection'.
src/test/database/integration/CrashRecovery.test.ts(82,16): error TS2339: Property 'db' does not exist on type 'TauriDbConnection'.
src/test/database/integration/CrashRecovery.test.ts(85,10): error TS2339: Property 'db' does not exist on type 'TauriDbConnection'.
src/test/database/integration/CrashRecovery.test.ts(86,10): error TS2339: Property 'db' does not exist on type 'TauriDbConnection'.
src/test/database/integration/CrashRecovery.test.ts(92,26): error TS2339: Property 'db' does not exist on type 'TauriDbConnection'.
src/test/database/integration/IndexingFlow.test.ts(26,57): error TS2554: Expected 1-2 arguments, but got 3.
src/test/database/integration/LargeVault.test.ts(53,63): error TS2554: Expected 1-2 arguments, but got 3.
src/test/database/integration/LargeVault.test.ts(87,63): error TS2554: Expected 1-2 arguments, but got 3.
src/test/database/integration/LargeVault.test.ts(126,64): error TS2554: Expected 1-2 arguments, but got 3.
src/test/database/integration/LargeVault.test.ts(140,64): error TS2554: Expected 1-2 arguments, but got 3.
src/test/database/integration/LargeVault.test.ts(156,63): error TS2554: Expected 1-2 arguments, but got 3.
src/test/database/integration/PersistenceFlow.test.ts(30,64): error TS2554: Expected 1-2 arguments, but got 3.
src/test/database/integration/PersistenceFlow.test.ts(41,64): error TS2554: Expected 1-2 arguments, but got 3.
src/test/database/integration/PersistenceFlow.test.ts(54,65): error TS2554: Expected 1-2 arguments, but got 3.
src/test/database/integration/PersistenceFlow.test.ts(71,63): error TS2554: Expected 1-2 arguments, but got 3.
src/test/database/integration/PersistenceFlow.test.ts(79,64): error TS2554: Expected 1-2 arguments, but got 3.
src/test/database/integration/ReconciliationFlow.test.ts(26,57): error TS2554: Expected 1-2 arguments, but got 3.
src/test/database/repositories/ChunkRepository.test.ts(8,37): error TS2307: Cannot find module '@database/infrastructure/EmbeddingSerializer' or its corresponding type declarations.
src/test/database/repositories/ChunkRepository.test.ts(9,31): error TS2307: Cannot find module '@database/infrastructure/schema/SchemaManager' or its corresponding type declarations.
src/test/database/repositories/ChunkRepository.test.ts(39,32): error TS2554: Expected 0 arguments, but got 1.
src/test/database/repositories/ChunkRepository.test.ts(40,34): error TS2554: Expected 0 arguments, but got 2.
src/test/database/repositories/ChunkRepository.test.ts(43,5): error TS2322: Type 'Promise<number>' is not assignable to type 'number'.
src/test/database/repositories/ChunkRepository.test.ts(63,30): error TS2339: Property 'db' does not exist on type 'TauriDbConnection'.
src/test/database/repositories/ChunkRepository.test.ts(85,28): error TS2339: Property 'db' does not exist on type 'TauriDbConnection'.
src/test/database/repositories/ChunkRepository.test.ts(91,30): error TS2339: Property 'db' does not exist on type 'TauriDbConnection'.
src/test/database/repositories/ChunkRepository.test.ts(107,34): error TS2339: Property 'db' does not exist on type 'TauriDbConnection'.
src/test/database/repositories/ChunkRepository.test.ts(168,53): error TS2339: Property 'length' does not exist on type 'Promise<ChunkDataWithPath[]>'.
src/test/database/repositories/ChunkRepository.test.ts(170,56): error TS2339: Property 'length' does not exist on type 'Promise<ChunkDataWithPath[]>'.
src/test/database/repositories/ChunkRepository.test.ts(185,31): error TS2345: Argument of type 'Promise<number>' is not assignable to parameter of type 'number'.
src/test/database/repositories/ChunkRepository.test.ts(218,30): error TS2339: Property 'db' does not exist on type 'TauriDbConnection'.
src/test/database/repositories/FileRepository.test.ts(8,31): error TS2307: Cannot find module '@database/infrastructure/schema/SchemaManager' or its corresponding type declarations.
src/test/database/repositories/FileRepository.test.ts(29,31): error TS2554: Expected 0 arguments, but got 1.
src/test/database/repositories/FileRepository.test.ts(62,31): error TS2339: Property 'db' does not exist on type 'TauriDbConnection'.
src/test/database/repositories/FileRepository.test.ts(93,16): error TS2339: Property 'db' does not exist on type 'TauriDbConnection'.
src/test/database/repositories/FileRepository.test.ts(97,28): error TS2339: Property 'db' does not exist on type 'TauriDbConnection'.
src/test/database/repositories/FileRepository.test.ts(113,28): error TS2339: Property 'db' does not exist on type 'TauriDbConnection'.
src/test/database/repositories/FileRepository.test.ts(126,28): error TS2339: Property 'db' does not exist on type 'TauriDbConnection'.
src/test/database/repositories/FileRepository.test.ts(170,29): error TS2339: Property 'db' does not exist on type 'TauriDbConnection'.
src/test/database/repositories/FileRepository.test.ts(220,16): error TS2339: Property 'db' does not exist on type 'TauriDbConnection'.
src/test/database/repositories/FileRepository.test.ts(221,16): error TS2339: Property 'db' does not exist on type 'TauriDbConnection'.
src/test/database/repositories/FileRepository.test.ts(223,23): error TS2339: Property 'getStmt' does not exist on type 'TauriDbConnection'.
src/test/database/repositories/FileRepository.test.ts(228,29): error TS2339: Property 'db' does not exist on type 'TauriDbConnection'.
src/test/database/repositories/FileRepository.test.ts(233,29): error TS2339: Property 'db' does not exist on type 'TauriDbConnection'.
src/test/database/repositories/FileRepository.test.ts(238,43): error TS2339: Property 'length' does not exist on type 'Promise<{ filePath: string; isDeleted: number; mtime: number | null; model: string | null; chunkVer: string | null; fileId: number; }[]>'.
src/test/database/repositories/FileRepository.test.ts(242,43): error TS2339: Property 'size' does not exist on type 'Promise<Map<string, FileDBInfo>>'.
src/test/database/services/EmbeddingPersistenceService.test.ts(8,31): error TS2307: Cannot find module '@database/infrastructure/schema/SchemaManager' or its corresponding type declarations.
src/test/database/services/EmbeddingPersistenceService.test.ts(9,37): error TS2307: Cannot find module '@database/infrastructure/EmbeddingSerializer' or its corresponding type declarations.
src/test/database/services/EmbeddingPersistenceService.test.ts(39,62): error TS2554: Expected 1-2 arguments, but got 3.
src/test/database/services/EmbeddingPersistenceService.test.ts(43,32): error TS2554: Expected 0 arguments, but got 1.
src/test/database/services/EmbeddingPersistenceService.test.ts(44,34): error TS2554: Expected 0 arguments, but got 2.
src/test/database/services/EmbeddingPersistenceService.test.ts(68,28): error TS2339: Property 'db' does not exist on type 'TauriDbConnection'.
src/test/database/services/EmbeddingPersistenceService.test.ts(82,28): error TS2339: Property 'db' does not exist on type 'TauriDbConnection'.
src/test/database/services/EmbeddingPersistenceService.test.ts(106,27): error TS2339: Property 'db' does not exist on type 'TauriDbConnection'.
src/test/database/services/EmbeddingPersistenceService.test.ts(142,27): error TS2339: Property 'db' does not exist on type 'TauriDbConnection'.
src/test/database/services/FileValidationService.test.ts(8,31): error TS2307: Cannot find module '@database/infrastructure/schema/SchemaManager' or its corresponding type declarations.
src/test/database/services/FileValidationService.test.ts(31,32): error TS2554: Expected 0 arguments, but got 1.
src/test/database/services/FileValidationService.test.ts(142,28): error TS2339: Property 'db' does not exist on type 'TauriDbConnection'.
src/test/database/services/FileValidationService.test.ts(172,28): error TS2339: Property 'db' does not exist on type 'TauriDbConnection'.
src/test/database/services/IndexingService.test.ts(8,31): error TS2307: Cannot find module '@database/infrastructure/schema/SchemaManager' or its corresponding type declarations.
src/test/database/services/IndexingService.test.ts(9,37): error TS2307: Cannot find module '@database/infrastructure/EmbeddingSerializer' or its corresponding type declarations.
src/test/database/services/IndexingService.test.ts(69,32): error TS2554: Expected 0 arguments, but got 1.
src/test/database/services/IndexingService.test.ts(70,40): error TS2554: Expected 0 arguments, but got 2.
src/test/database/services/IndexingService.test.ts(96,24): error TS2339: Property 'model' does not exist on type 'Promise<FileRecord | null>'.
src/test/database/services/IndexingService.test.ts(99,28): error TS2339: Property 'db' does not exist on type 'TauriDbConnection'.
src/test/database/services/IndexingService.test.ts(103,27): error TS2339: Property 'db' does not exist on type 'TauriDbConnection'.
src/test/database/services/IndexingService.test.ts(126,47): error TS2339: Property 'fileId' does not exist on type 'Promise<FileRecord | null>'.
src/test/database/services/IndexingService.test.ts(127,29): error TS2339: Property 'db' does not exist on type 'TauriDbConnection'.
src/test/database/services/IndexingService.test.ts(137,47): error TS2339: Property 'fileId' does not exist on type 'Promise<FileRecord | null>'.
src/test/database/services/IndexingService.test.ts(139,29): error TS2339: Property 'db' does not exist on type 'TauriDbConnection'.
src/test/database/services/IndexingService.test.ts(150,37): error TS2339: Property 'db' does not exist on type 'TauriDbConnection'.
src/test/database/services/IndexingService.test.ts(156,35): error TS2339: Property 'db' does not exist on type 'TauriDbConnection'.
src/test/database/services/IndexingService.test.ts(166,37): error TS2339: Property 'db' does not exist on type 'TauriDbConnection'.
src/test/database/services/IndexingService.test.ts(174,35): error TS2339: Property 'db' does not exist on type 'TauriDbConnection'.
src/test/database/services/IndexingService.test.ts(194,24): error TS2339: Property 'model' does not exist on type 'Promise<FileRecord | null>'.
src/test/database/services/IndexingService.test.ts(218,28): error TS2339: Property 'db' does not exist on type 'TauriDbConnection'.
src/test/database/services/IndexingService.test.ts(228,30): error TS2339: Property 'db' does not exist on type 'TauriDbConnection'.
src/test/database/services/IndexingService.test.ts(237,31): error TS2339: Property 'db' does not exist on type 'TauriDbConnection'.
src/test/database/services/MaintenanceService.test.ts(8,31): error TS2307: Cannot find module '@database/infrastructure/schema/SchemaManager' or its corresponding type declarations.
src/test/database/services/MaintenanceService.test.ts(16,54): error TS2554: Expected 1-2 arguments, but got 3.
src/test/database/services/ReconciliationService.test.ts(8,31): error TS2307: Cannot find module '@database/infrastructure/schema/SchemaManager' or its corresponding type declarations.
src/test/database/services/ReconciliationService.test.ts(9,37): error TS2307: Cannot find module '@database/infrastructure/EmbeddingSerializer' or its corresponding type declarations.
src/test/database/services/ReconciliationService.test.ts(40,62): error TS2554: Expected 1-2 arguments, but got 3.
src/test/database/services/ReconciliationService.test.ts(44,32): error TS2554: Expected 0 arguments, but got 1.
src/test/database/services/ReconciliationService.test.ts(45,40): error TS2554: Expected 0 arguments, but got 2.
src/test/database/services/ReconciliationService.test.ts(72,24): error TS2339: Property 'isDeleted' does not exist on type 'Promise<FileRecord | null>'.
src/test/database/services/ReconciliationService.test.ts(102,45): error TS2339: Property 'fileHash' does not exist on type 'Promise<FileRecord | null>'.
src/test/database/services/ReindexScheduler.test.ts(19,62): error TS2554: Expected 1-2 arguments, but got 3.
src/test/database/services/RetrievalService.test.ts(8,31): error TS2307: Cannot find module '@database/infrastructure/schema/SchemaManager' or its corresponding type declarations.
src/test/database/services/RetrievalService.test.ts(9,37): error TS2307: Cannot find module '@database/infrastructure/EmbeddingSerializer' or its corresponding type declarations.
src/test/database/services/RetrievalService.test.ts(27,62): error TS2554: Expected 1-2 arguments, but got 3.
src/test/database/services/RetrievalService.test.ts(31,32): error TS2554: Expected 0 arguments, but got 1.
src/test/database/services/RetrievalService.test.ts(32,34): error TS2554: Expected 0 arguments, but got 2.
src/test/database/services/RetrievalService.test.ts(41,23): error TS2345: Argument of type 'Promise<number>' is not assignable to parameter of type 'number'.
src/test/database/services/RetrievalService.test.ts(42,31): error TS2345: Argument of type 'Promise<number>' is not assignable to parameter of type 'number'.
src/test/database/services/RetrievalService.test.ts(52,23): error TS2345: Argument of type 'Promise<number>' is not assignable to parameter of type 'number'.
src/test/database/services/RetrievalService.test.ts(53,31): error TS2345: Argument of type 'Promise<number>' is not assignable to parameter of type 'number'.
src/test/database/services/RetrievalService.test.ts(62,25): error TS2339: Property 'length' does not exist on type 'Promise<ChunkData[]>'.
src/test/database/services/RetrievalService.test.ts(63,18): error TS7053: Element implicitly has an 'any' type because expression of type '0' can't be used to index type 'Promise<ChunkData[]>'.
  Property '0' does not exist on type 'Promise<ChunkData[]>'.
src/test/database/services/RetrievalService.test.ts(64,18): error TS7053: Element implicitly has an 'any' type because expression of type '1' can't be used to index type 'Promise<ChunkData[]>'.
  Property '1' does not exist on type 'Promise<ChunkData[]>'.
src/test/database/services/RetrievalService.test.ts(74,25): error TS2339: Property 'length' does not exist on type 'Promise<ChunkDataWithPath[]>'.
src/test/database/services/RetrievalService.test.ts(75,18): error TS7053: Element implicitly has an 'any' type because expression of type '0' can't be used to index type 'Promise<ChunkDataWithPath[]>'.
  Property '0' does not exist on type 'Promise<ChunkDataWithPath[]>'.
src/test/database/services/RetrievalService.test.ts(76,18): error TS7053: Element implicitly has an 'any' type because expression of type '0' can't be used to index type 'Promise<ChunkDataWithPath[]>'.
  Property '0' does not exist on type 'Promise<ChunkDataWithPath[]>'.
src/test/database/services/RetrievalService.test.ts(81,22): error TS2339: Property 'length' does not exist on type 'Promise<FullChunkData[]>'.
src/test/database/services/RetrievalService.test.ts(82,18): error TS7053: Element implicitly has an 'any' type because expression of type '0' can't be used to index type 'Promise<FullChunkData[]>'.
  Property '0' does not exist on type 'Promise<FullChunkData[]>'.
src/test/database/services/RetrievalService.test.ts(83,18): error TS7053: Element implicitly has an 'any' type because expression of type '2' can't be used to index type 'Promise<FullChunkData[]>'.
  Property '2' does not exist on type 'Promise<FullChunkData[]>'.
src/test/database/services/RetrievalService.test.ts(89,22): error TS2339: Property 'length' does not exist on type 'Promise<FullChunkData[]>'.
src/test/database/services/RetrievalService.test.ts(90,18): error TS7053: Element implicitly has an 'any' type because expression of type '0' can't be used to index type 'Promise<FullChunkData[]>'.
  Property '0' does not exist on type 'Promise<FullChunkData[]>'.
src/test/database/services/RetrievalService.test.ts(96,22): error TS2339: Property 'length' does not exist on type 'Promise<FullChunkData[]>'.
src/test/database/services/RetrievalService.test.ts(107,25): error TS2339: Property 'length' does not exist on type 'Promise<ChunkDataWithPath[]>'.
src/test/database/services/RetrievalService.test.ts(108,18): error TS7053: Element implicitly has an 'any' type because expression of type '0' can't be used to index type 'Promise<ChunkDataWithPath[]>'.
  Property '0' does not exist on type 'Promise<ChunkDataWithPath[]>'.
src/test/database/services/RetrievalService.test.ts(115,25): error TS2339: Property 'length' does not exist on type 'Promise<FetchResult[]>'.
src/test/database/services/RetrievalService.test.ts(116,18): error TS7053: Element implicitly has an 'any' type because expression of type '0' can't be used to index type 'Promise<FetchResult[]>'.
  Property '0' does not exist on type 'Promise<FetchResult[]>'.
src/test/database/services/RetrievalService.test.ts(121,25): error TS2339: Property 'length' does not exist on type 'Promise<FetchResult[]>'.
src/test/database/services/RetrievalService.test.ts(122,18): error TS7053: Element implicitly has an 'any' type because expression of type '0' can't be used to index type 'Promise<FetchResult[]>'.
  Property '0' does not exist on type 'Promise<FetchResult[]>'.
src/test/database/services/RetrievalService.test.ts(127,25): error TS2339: Property 'length' does not exist on type 'Promise<FetchResult[]>'.
src/test/database/services/RetrievalService.test.ts(132,25): error TS2339: Property 'length' does not exist on type 'Promise<FetchResult[]>'.
src/test/database/services/RetrievalService.test.ts(133,18): error TS7053: Element implicitly has an 'any' type because expression of type '0' can't be used to index type 'Promise<FetchResult[]>'.
  Property '0' does not exist on type 'Promise<FetchResult[]>'.
src/test/database/services/RetrievalService.test.ts(138,21): error TS2488: Type 'Promise<FetchResult[]>' must have a '[Symbol.iterator]()' method that returns an iterator.
src/test/refinery/helpers/mockCtx.ts(69,3): error TS2741: Property 'dbConnection' is missing in type '{ fileAccess: FakeFs; retrieval: any; llm: any; logger: Logger; outputRoot: string; inboxRoot: string; dryRun: boolean; }' but required in type 'RefineryContext'.
src/test/refinery/integration/AnkiRefineryPipeline.test.ts(9,31): error TS2307: Cannot find module '@database/infrastructure/schema/SchemaManager' or its corresponding type declarations.
src/test/refinery/integration/AnkiRefineryPipeline.test.ts(26,80): error TS2554: Expected 1-2 arguments, but got 3.
src/test/refinery/integration/AnkiRefineryPipeline.test.ts(100,69): error TS2341: Property 'ctx' is private and only accessible within class 'RefineryService'.
src/test/refinery/integration/AnkiRefineryPipeline.test.ts(103,40): error TS2339: Property 'db' does not exist on type 'TauriDbConnection'.
src/test/refinery/integration/AnkiRefineryPipeline.test.ts(105,40): error TS2339: Property 'db' does not exist on type 'TauriDbConnection'.
src/test/refinery/integration/AnkiRefineryPipeline.test.ts(108,30): error TS1308: 'await' expressions are only allowed within async functions and at the top levels of modules.
src/test/refinery/integration/AnkiRefineryPipeline.test.ts(108,49): error TS2339: Property 'db' does not exist on type 'TauriDbConnection'.
src/test/refinery/integration/AnkiRefineryPipeline.test.ts(115,24): error TS2339: Property 'db' does not exist on type 'TauriDbConnection'.
src/test/refinery/integration/AnkiRefineryPipeline.test.ts(153,25): error TS2341: Property 'ctx' is private and only accessible within class 'RefineryService'.
src/test/refinery/integration/AnkiRefineryPipeline.test.ts(154,25): error TS2341: Property 'ctx' is private and only accessible within class 'RefineryService'.
src/test/refinery/integration/AnkiRefineryPipeline.test.ts(157,30): error TS1308: 'await' expressions are only allowed within async functions and at the top levels of modules.
src/test/refinery/integration/AnkiRefineryPipeline.test.ts(157,49): error TS2339: Property 'db' does not exist on type 'TauriDbConnection'.
src/test/refinery/integration/AnkiRefineryPipeline.test.ts(169,26): error TS2341: Property 'ctx' is private and only accessible within class 'RefineryService'.
src/test/refinery/integration/AnkiRefineryPipeline.test.ts(170,35): error TS2341: Property 'ctx' is private and only accessible within class 'RefineryService'.
src/test/refinery/integration/AnkiRefineryPipeline.test.ts(174,39): error TS2339: Property 'db' does not exist on type 'TauriDbConnection'.
src/test/refinery/integration/AnkiRefineryPipeline.test.ts(190,25): error TS2341: Property 'ctx' is private and only accessible within class 'RefineryService'.
src/test/refinery/integration/AnkiRefineryPipeline.test.ts(191,25): error TS2341: Property 'ctx' is private and only accessible within class 'RefineryService'.
src/test/refinery/integration/AnkiRefineryPipeline.test.ts(201,35): error TS2341: Property 'ctx' is private and only accessible within class 'RefineryService'.
src/test/refinery/integration/AnkiRefineryPipeline.test.ts(204,44): error TS2339: Property 'db' does not exist on type 'TauriDbConnection'.
src/test/refinery/integration/AnkiRefineryPipeline.test.ts(205,41): error TS2339: Property 'db' does not exist on type 'TauriDbConnection'.
src/test/refinery/integration/AnkiRefineryPipeline.test.ts(210,43): error TS2339: Property 'db' does not exist on type 'TauriDbConnection'.
src/test/refinery/unit/TransactionalWriter.test.ts(21,14): error TS2554: Expected 2 arguments, but got 1.
src/test/refinery/unit/TransactionalWriter.test.ts(48,35): error TS2554: Expected 2 arguments, but got 1.
src/test/refinery/unit/TransactionalWriter.test.ts(72,16): error TS2554: Expected 2 arguments, but got 1.
src/test/refinery/unit/TransactionalWriter.test.ts(87,14): error TS2554: Expected 2 arguments, but got 1.
src/test/refinery/unit/TransactionalWriter.test.ts(103,14): error TS2554: Expected 2 arguments, but got 1.
src/test/refinery/unit/TransactionalWriter.test.ts(109,10): error TS2554: Expected 2 arguments, but got 1.
src/test/refinery/unit/WriteStage.test.ts(39,9): error TS2741: Property 'sourcePath' is missing in type '{ plan: PlacementPlan; chunks: ChunkWithHash[]; }' but required in type 'WriteInput'.
src/test/retrieval/integration/factory.integration.test.ts(7,31): error TS2307: Cannot find module '@database/infrastructure/schema/SchemaManager' or its corresponding type declarations.
src/test/retrieval/integration/factory.integration.test.ts(8,37): error TS2307: Cannot find module '@database/infrastructure/EmbeddingSerializer' or its corresponding type declarations.
src/test/retrieval/integration/factory.integration.test.ts(67,32): error TS2554: Expected 0 arguments, but got 1.
src/test/retrieval/integration/factory.integration.test.ts(68,34): error TS2554: Expected 0 arguments, but got 2.
src/test/retrieval/integration/factory.integration.test.ts(85,25): error TS2345: Argument of type 'Promise<number>' is not assignable to parameter of type 'number'.
src/test/retrieval/integration/factory.integration.test.ts(98,33): error TS2345: Argument of type 'Promise<number>' is not assignable to parameter of type 'number'.
src/test/retrieval/integration/factory.integration.test.ts(166,24): error TS1308: 'await' expressions are only allowed within async functions and at the top levels of modules.
src/test/retrieval/integration/factory.integration.test.ts(175,40): error TS2345: Argument of type '{ getAll: (includeDeleted?: boolean) => FullChunkData[]; getByFilePath: (filePath: string, includeDeleted?: boolean) => Promise<ChunkData[]>; getByFileName: (name: string, includeDeleted?: boolean) => Promise<ChunkDataWithPath[]>; _callCount: number; }' is not assignable to parameter of type 'ChunkSource'.
  The types returned by 'getAll(...)' are incompatible between these types.
    Type 'FullChunkData[]' is missing the following properties from type 'Promise<FullChunkData[]>': then, catch, finally, [Symbol.toStringTag]
src/test/retrieval/integration/factory.integration.test.ts(180,7): error TS2345: Argument of type '{ getAll: (includeDeleted?: boolean) => FullChunkData[]; getByFilePath: (filePath: string, includeDeleted?: boolean) => Promise<ChunkData[]>; getByFileName: (name: string, includeDeleted?: boolean) => Promise<ChunkDataWithPath[]>; _callCount: number; }' is not assignable to parameter of type 'ChunkSource'.
  The types returned by 'getAll(...)' are incompatible between these types.
    Type 'FullChunkData[]' is missing the following properties from type 'Promise<FullChunkData[]>': then, catch, finally, [Symbol.toStringTag]
src/test/retrieval/integration/factory.integration.test.ts(188,7): error TS2345: Argument of type '{ getAll: (includeDeleted?: boolean) => FullChunkData[]; getByFilePath: (filePath: string, includeDeleted?: boolean) => Promise<ChunkData[]>; getByFileName: (name: string, includeDeleted?: boolean) => Promise<ChunkDataWithPath[]>; _callCount: number; }' is not assignable to parameter of type 'ChunkSource'.
  The types returned by 'getAll(...)' are incompatible between these types.
    Type 'FullChunkData[]' is missing the following properties from type 'Promise<FullChunkData[]>': then, catch, finally, [Symbol.toStringTag]
src/test/retrieval/integration/retrieval.integration.test.ts(7,31): error TS2307: Cannot find module '@database/infrastructure/schema/SchemaManager' or its corresponding type declarations.
src/test/retrieval/integration/retrieval.integration.test.ts(8,37): error TS2307: Cannot find module '@database/infrastructure/EmbeddingSerializer' or its corresponding type declarations.
src/test/retrieval/integration/retrieval.integration.test.ts(129,62): error TS2554: Expected 1-2 arguments, but got 3.
src/test/retrieval/integration/retrieval.integration.test.ts(133,32): error TS2554: Expected 0 arguments, but got 1.
src/test/retrieval/integration/retrieval.integration.test.ts(134,34): error TS2554: Expected 0 arguments, but got 2.
src/test/retrieval/integration/retrieval.integration.test.ts(151,25): error TS2345: Argument of type 'Promise<number>' is not assignable to parameter of type 'number'.
src/test/retrieval/integration/retrieval.integration.test.ts(164,33): error TS2345: Argument of type 'Promise<number>' is not assignable to parameter of type 'number'.
src/test/retrieval/integration/retrieval.integration.test.ts(290,23): error TS2345: Argument of type 'Promise<number>' is not assignable to parameter of type 'number'.
src/test/retrieval/integration/retrieval.integration.test.ts(294,31): error TS2345: Argument of type 'Promise<number>' is not assignable to parameter of type 'number'.
src/test/retrieval/unit/RerankingRetriever.test.ts(85,7): error TS2322: Type '(fp: string) => { chunkIndex: number; chunkText: string; embedding: Float32Array<ArrayBuffer>; }[]' is not assignable to type '(filePath: string, includeDeleted?: boolean | undefined) => Promise<ChunkData[]>'.
  Type '{ chunkIndex: number; chunkText: string; embedding: Float32Array<ArrayBuffer>; }[]' is missing the following properties from type 'Promise<ChunkData[]>': then, catch, finally, [Symbol.toStringTag]
src/test/retrieval/unit/RetrievalService.test.ts(142,7): error TS2322: Type '(fp: string) => ChunkData[]' is not assignable to type '(filePath: string, includeDeleted?: boolean | undefined) => Promise<ChunkData[]>'.
  Type 'ChunkData[]' is missing the following properties from type 'Promise<ChunkData[]>': then, catch, finally, [Symbol.toStringTag]
src/test/retrieval/unit/RetrievalService.test.ts(160,7): error TS2322: Type '(name: string) => ChunkDataWithPath[]' is not assignable to type '(name: string, includeDeleted?: boolean | undefined) => Promise<ChunkDataWithPath[]>'.
  Type 'ChunkDataWithPath[]' is missing the following properties from type 'Promise<ChunkDataWithPath[]>': then, catch, finally, [Symbol.toStringTag]
src/test/retrieval/unit/RetrievalService.test.ts(253,26): error TS2339: Property 'length' does not exist on type 'Promise<ChunkData[]>'.
src/test/retrieval/unit/RetrievalService.test.ts(254,18): error TS7053: Element implicitly has an 'any' type because expression of type '0' can't be used to index type 'Promise<ChunkData[]>'.
  Property '0' does not exist on type 'Promise<ChunkData[]>'.
src/test/retrieval/unit/RetrievalService.test.ts(279,26): error TS2339: Property 'length' does not exist on type 'Promise<ChunkDataWithPath[]>'.
src/test/retrieval/unit/RetrievalService.test.ts(280,18): error TS7053: Element implicitly has an 'any' type because expression of type '0' can't be used to index type 'Promise<ChunkDataWithPath[]>'.
  Property '0' does not exist on type 'Promise<ChunkDataWithPath[]>'.
src/test/retrieval/unit/RetrievalService.test.ts(295,26): error TS2339: Property 'length' does not exist on type 'Promise<FullChunkData[]>'.
src/test/retrieval/unit/RetrievalService.test.ts(309,26): error TS2339: Property 'length' does not exist on type 'Promise<FetchResult[]>'.
src/test/retrieval/unit/RetrievalService.test.ts(310,18): error TS7053: Element implicitly has an 'any' type because expression of type '0' can't be used to index type 'Promise<FetchResult[]>'.
  Property '0' does not exist on type 'Promise<FetchResult[]>'.
src/test/retrieval/unit/RetrievalService.test.ts(324,26): error TS2339: Property 'length' does not exist on type 'Promise<ChunkDataWithPath[]>'.
src/test/retrieval/unit/RetrievalService.test.ts(325,18): error TS7053: Element implicitly has an 'any' type because expression of type '0' can't be used to index type 'Promise<ChunkDataWithPath[]>'.
  Property '0' does not exist on type 'Promise<ChunkDataWithPath[]>'.
